// Jest Snapshot v1, https://goo.gl/fbAQLP

exports[`Carousel component related tests Should render the carousel component 1`] = `
<div
  className="w-screen h-screen overflow-hidden bg-gray-900 text-white"
  id="carousel"
>
  <div
    className="w-screen h-screen overflow-hidden flex flex-col p-10 items-center justify-center absolute top-0 left-0 z-10 pointer-events-none"
  >
    <div
      className="absolute w-full top-0 left-0 flex justify-between px-6 py-14 transition duration-1000 delay-300 ease-in-out"
      style={
        Object {
          "transform": "scale(1.5, 1)",
        }
      }
    >
      <div
        className="flex flex-col items-center space-y-2"
      >
        <svg
          className="text-2xl"
          fill="currentColor"
          height="1em"
          stroke="currentColor"
          strokeWidth="0"
          style={
            Object {
              "color": undefined,
            }
          }
          viewBox="0 0 16 16"
          width="1em"
          xmlns="http://www.w3.org/2000/svg"
        >
          <path
            d="M3 5a5 5 0 0 1 10 0v6a5 5 0 0 1-10 0V5zm5.5-1.5a.5.5 0 0 0-1 0v2a.5.5 0 0 0 1 0v-2z"
          />
        </svg>
        <div
          className="flex flex-col items-center text-black"
        >
          <div
            className="w-6 h-6 rounded-md border bg-gray-200 grid place-items-center m-1"
          >
            <svg
              fill="currentColor"
              height="1em"
              stroke="currentColor"
              strokeWidth="0"
              style={
                Object {
                  "color": undefined,
                }
              }
              viewBox="0 0 16 16"
              width="1em"
              xmlns="http://www.w3.org/2000/svg"
            >
              <path
                d="M8 12a.5.5 0 0 0 .5-.5V5.707l2.146 2.147a.5.5 0 0 0 .708-.708l-3-3a.5.5 0 0 0-.708 0l-3 3a.5.5 0 1 0 .708.708L7.5 5.707V11.5a.5.5 0 0 0 .5.5z"
                fillRule="evenodd"
              />
            </svg>
          </div>
          <div
            className="flex items-center"
          >
            <div
              className="w-6 h-6 rounded-md border bg-gray-200 grid place-items-center m-1"
            >
              <svg
                fill="currentColor"
                height="1em"
                stroke="currentColor"
                strokeWidth="0"
                style={
                  Object {
                    "color": undefined,
                  }
                }
                viewBox="0 0 16 16"
                width="1em"
                xmlns="http://www.w3.org/2000/svg"
              >
                <path
                  d="M12 8a.5.5 0 0 1-.5.5H5.707l2.147 2.146a.5.5 0 0 1-.708.708l-3-3a.5.5 0 0 1 0-.708l3-3a.5.5 0 1 1 .708.708L5.707 7.5H11.5a.5.5 0 0 1 .5.5z"
                  fillRule="evenodd"
                />
              </svg>
            </div>
            <div
              className="w-6 h-6 rounded-md border bg-gray-200 grid place-items-center m-1"
            >
              <svg
                fill="currentColor"
                height="1em"
                stroke="currentColor"
                strokeWidth="0"
                style={
                  Object {
                    "color": undefined,
                  }
                }
                viewBox="0 0 16 16"
                width="1em"
                xmlns="http://www.w3.org/2000/svg"
              >
                <path
                  d="M8 4a.5.5 0 0 1 .5.5v5.793l2.146-2.147a.5.5 0 0 1 .708.708l-3 3a.5.5 0 0 1-.708 0l-3-3a.5.5 0 1 1 .708-.708L7.5 10.293V4.5A.5.5 0 0 1 8 4z"
                  fillRule="evenodd"
                />
              </svg>
            </div>
            <div
              className="w-6 h-6 rounded-md border bg-gray-200 grid place-items-center m-1"
            >
              <svg
                fill="currentColor"
                height="1em"
                stroke="currentColor"
                strokeWidth="0"
                style={
                  Object {
                    "color": undefined,
                  }
                }
                viewBox="0 0 16 16"
                width="1em"
                xmlns="http://www.w3.org/2000/svg"
              >
                <path
                  d="M4 8a.5.5 0 0 1 .5-.5h5.793L8.146 5.354a.5.5 0 1 1 .708-.708l3 3a.5.5 0 0 1 0 .708l-3 3a.5.5 0 0 1-.708-.708L10.293 8.5H4.5A.5.5 0 0 1 4 8z"
                  fillRule="evenodd"
                />
              </svg>
            </div>
          </div>
        </div>
        <p
          className="text-xs text-gray-300"
        >
          Mouse and Keyboard support
        </p>
      </div>
      <p
        className="text-xs text-gray-300"
      >
        1
        /
        18
      </p>
    </div>
    <div
      className="absolute bottom-0 transition delay-200 ease-out duration-1000"
      style={
        Object {
          "color": "white",
          "transform": "translateY(200%) scale(0.8)",
        }
      }
    >
      <div
        className="flex flex-col items-center animate-bounce"
      >
        <p>
          One Piece
        </p>
        <svg
          className="text-5xl"
          fill="currentColor"
          height="1em"
          stroke="currentColor"
          strokeWidth="0"
          style={
            Object {
              "color": undefined,
            }
          }
          viewBox="0 0 24 24"
          width="1em"
          xmlns="http://www.w3.org/2000/svg"
        >
          <path
            d="M16.293 9.293 12 13.586 7.707 9.293l-1.414 1.414L12 16.414l5.707-5.707z"
          />
        </svg>
      </div>
    </div>
    <div
      className="flex items-center justify-center absolute right-0 mb-10 mr-1 transition delay-200 ease-out duration-1000"
      style={
        Object {
          "color": "white",
          "transform": "translateX(200%)",
        }
      }
    >
      <p
        className="text-xs mr-2"
      >
        18
         pages
      </p>
      <svg
        className="text-2xl"
        fill="currentColor"
        height="1em"
        stroke="currentColor"
        strokeWidth="0"
        style={
          Object {
            "color": undefined,
          }
        }
        viewBox="0 0 24 24"
        width="1em"
        xmlns="http://www.w3.org/2000/svg"
      >
        <path
          d="M10.707 17.707 16.414 12l-5.707-5.707-1.414 1.414L13.586 12l-4.293 4.293z"
        />
      </svg>
    </div>
  </div>
  <div
    className="flex flex-col overflow-hidden items-center justify-center h-full relative transition duration-500 delay-100 ease-in-out transform cursor-pointer group"
    data-testid="manga"
    onMouseDown={[Function]}
    onMouseLeave={[Function]}
    onMouseMove={[Function]}
    onMouseUp={[Function]}
    style={
      Object {
        "filter": "blur(0px) brightness(1)",
        "transform": "translate(
                    0%,
                    0%)",
      }
    }
  >
    <div
      className="w-full h-full overflow-hidden absolute top-0 left-0 z-0  rounded-3xl scale-105 cursor-pointer group-active:scale-90 transition duration-500 ease-in-out delay-100"
    >
      <div
        className="absolute flex items-center justify-center w-full h-full "
      >
        <img
          alt="manga"
          className="w-full h-full brightness-75 group-active:brightness-50 transition-all object-cover "
          draggable="false"
          src="https://images5.alphacoders.com/114/1141137.jpg"
          style={
            Object {
              "opacity": 1,
            }
          }
        />
        <div
          className="flex flex-col items-center justify-center h-full z-10 not-selectable absolute"
        >
          <h1
            className="text-5xl font-bold"
          >
            Jujutsu Kaisen
          </h1>
          <p
            className="text-gray-100"
          >
            Chapter: 
            1
          </p>
        </div>
      </div>
    </div>
    <img
      alt="manga"
      className="w-full h-full brightness-95 object-cover absolute overflow-hidden top-0 left-0 -z-10 blur-3xl scale-150 transition duration-500 ease-in-out delay-100"
      draggable="false"
      src="https://images5.alphacoders.com/114/1141137.jpg"
      style={
        Object {
          "opacity": 1,
        }
      }
    />
  </div>
  <div
    className="flex flex-col overflow-hidden items-center justify-center h-full relative transition duration-500 delay-100 ease-in-out transform cursor-pointer group"
    data-testid="manga"
    onMouseDown={[Function]}
    onMouseLeave={[Function]}
    onMouseMove={[Function]}
    onMouseUp={[Function]}
    style={
      Object {
        "filter": "blur(0px) brightness(1)",
        "transform": "translate(
                    0%,
                    0%)",
      }
    }
  >
    <div
      className="w-full h-full overflow-hidden absolute top-0 left-0 z-0  rounded-3xl scale-105 cursor-pointer group-active:scale-90 transition duration-500 ease-in-out delay-100"
    >
      <div
        className="absolute flex items-center justify-center w-full h-full "
      >
        <img
          alt="manga"
          className="w-full h-full brightness-75 group-active:brightness-50 transition-all object-cover "
          draggable="false"
          src="https://preview.redd.it/cujgnglafov81.png?width=640&crop=smart&auto=webp&s=bff4be0d66177d9fd3a8d75a8a02a21f00cfb950"
          style={
            Object {
              "opacity": 0,
            }
          }
        />
        <div
          className="flex flex-col items-center justify-center h-full z-10 not-selectable absolute"
        >
          <h1
            className="text-5xl font-bold"
          >
            One Piece
          </h1>
          <p
            className="text-gray-100"
          >
            Chapter: 
            1017
          </p>
        </div>
      </div>
    </div>
    <img
      alt="manga"
      className="w-full h-full brightness-95 object-cover absolute overflow-hidden top-0 left-0 -z-10 blur-3xl scale-150 transition duration-500 ease-in-out delay-100"
      draggable="false"
      src="https://preview.redd.it/cujgnglafov81.png?width=640&crop=smart&auto=webp&s=bff4be0d66177d9fd3a8d75a8a02a21f00cfb950"
      style={
        Object {
          "opacity": 0,
        }
      }
    />
  </div>
  <div
    className="flex flex-col overflow-hidden items-center justify-center h-full relative transition duration-500 delay-100 ease-in-out transform cursor-pointer group"
    data-testid="manga"
    onMouseDown={[Function]}
    onMouseLeave={[Function]}
    onMouseMove={[Function]}
    onMouseUp={[Function]}
    style={
      Object {
        "filter": "blur(0px) brightness(1)",
        "transform": "translate(
                    0%,
                    0%)",
      }
    }
  >
    <div
      className="w-full h-full overflow-hidden absolute top-0 left-0 z-0  rounded-3xl scale-105 cursor-pointer group-active:scale-90 transition duration-500 ease-in-out delay-100"
    >
      <div
        className="absolute flex items-center justify-center w-full h-full "
      >
        <img
          alt="manga"
          className="w-full h-full brightness-75 group-active:brightness-50 transition-all object-cover "
          draggable="false"
          src="https://c4.wallpaperflare.com/wallpaper/109/45/304/bleach-thousand-year-blood-war-arc-tite-kubo-gotei-13-4k-hd-wallpaper-preview.jpg"
          style={
            Object {
              "opacity": 0,
            }
          }
        />
        <div
          className="flex flex-col items-center justify-center h-full z-10 not-selectable absolute"
        >
          <h1
            className="text-5xl font-bold"
          >
            Bleach
          </h1>
          <p
            className="text-gray-100"
          >
            Chapter: 
            684
          </p>
        </div>
      </div>
    </div>
    <img
      alt="manga"
      className="w-full h-full brightness-95 object-cover absolute overflow-hidden top-0 left-0 -z-10 blur-3xl scale-150 transition duration-500 ease-in-out delay-100"
      draggable="false"
      src="https://c4.wallpaperflare.com/wallpaper/109/45/304/bleach-thousand-year-blood-war-arc-tite-kubo-gotei-13-4k-hd-wallpaper-preview.jpg"
      style={
        Object {
          "opacity": 0,
        }
      }
    />
  </div>
  <div
    className="flex flex-col overflow-hidden items-center justify-center h-full relative transition duration-500 delay-100 ease-in-out transform cursor-pointer group"
    data-testid="manga"
    onMouseDown={[Function]}
    onMouseLeave={[Function]}
    onMouseMove={[Function]}
    onMouseUp={[Function]}
    style={
      Object {
        "filter": "blur(0px) brightness(1)",
        "transform": "translate(
                    0%,
                    0%)",
      }
    }
  >
    <div
      className="w-full h-full overflow-hidden absolute top-0 left-0 z-0  rounded-3xl scale-105 cursor-pointer group-active:scale-90 transition duration-500 ease-in-out delay-100"
    >
      <div
        className="absolute flex items-center justify-center w-full h-full "
      >
        <img
          alt="manga"
          className="w-full h-full brightness-75 group-active:brightness-50 transition-all object-cover "
          draggable="false"
          src="https://animeland.fr/wp-content/uploads/2021/01/hellp.jpg"
          style={
            Object {
              "opacity": 0,
            }
          }
        />
        <div
          className="flex flex-col items-center justify-center h-full z-10 not-selectable absolute"
        >
          <h1
            className="text-5xl font-bold"
          >
            Hell's Paradise: Jigokuraku
          </h1>
          <p
            className="text-gray-100"
          >
            Chapter: 
            56
          </p>
        </div>
      </div>
    </div>
    <img
      alt="manga"
      className="w-full h-full brightness-95 object-cover absolute overflow-hidden top-0 left-0 -z-10 blur-3xl scale-150 transition duration-500 ease-in-out delay-100"
      draggable="false"
      src="https://animeland.fr/wp-content/uploads/2021/01/hellp.jpg"
      style={
        Object {
          "opacity": 0,
        }
      }
    />
  </div>
</div>
`;
